// Jest Snapshot v1, https://goo.gl/fbAQLP

exports[`RouteInfo should render correctly 1`] = `
"<Fragment>
  <h3>
    ReactApp Child
  </h3>
  <hr />
  <pre />
</Fragment>"
`;
